▲ Next.js 16.2.6
- Local:         http://127.0.0.1:20129
- Network:       http://127.0.0.1:20129
✓ Ready in 0ms
{"level":30,"time":"2026-06-05T10:58:32.161Z","service":"9router","scope":"bootstrap","msg":"instrumentation.register() invoked"}
[DB] better-sqlite3 unavailable: Could not locate the bindings file. Tried:
 → /home/ubuntu/.openclaw/workspace/repo-scan/9router/node_modules/.pnpm/better-sqlite3@12.10.0/node_modules/better-sqlite3/build/better_sqlite3.node
 → /home/ubuntu/.openclaw/workspace/repo-scan/9router/node_modules/.pnpm/better-sqlite3@12.10.0/node_modules/better-sqlite3/build/Debug/better_sqlite3.node
 → /home/ubuntu/.openclaw/workspace/repo-scan/9router/node_modules/.pnpm/better-sqlite3@12.10.0/node_modules/better-sqlite3/build/Release/better_sqlite3.node
 → /home/ubuntu/.openclaw/workspace/repo-scan/9router/node_modules/.pnpm/better-sqlite3@12.10.0/node_modules/better-sqlite3/out/Debug/better_sqlite3.node
 → /home/ubuntu/.openclaw/workspace/repo-scan/9router/node_modules/.pnpm/better-sqlite3@12.10.0/node_modules/better-sqlite3/Debug/better_sqlite3.node
 → /home/ubuntu/.openclaw/workspace/repo-scan/9router/node_modules/.pnpm/better-sqlite3@12.10.0/node_modules/better-sqlite3/out/Release/better_sqlite3.node
 → /home/ubuntu/.openclaw/workspace/repo-scan/9router/node_modules/.pnpm/better-sqlite3@12.10.0/node_modules/better-sqlite3/Release/better_sqlite3.node
 → /home/ubuntu/.openclaw/workspace/repo-scan/9router/node_modules/.pnpm/better-sqlite3@12.10.0/node_modules/better-sqlite3/build/default/better_sqlite3.node
 → /home/ubuntu/.openclaw/workspace/repo-scan/9router/node_modules/.pnpm/better-sqlite3@12.10.0/node_modules/better-sqlite3/compiled/22.22.2/linux/arm64/better_sqlite3.node
 → /home/ubuntu/.openclaw/workspace/repo-scan/9router/node_modules/.pnpm/better-sqlite3@12.10.0/node_modules/better-sqlite3/addon-build/release/install-root/better_sqlite3.node
 → /home/ubuntu/.openclaw/workspace/repo-scan/9router/node_modules/.pnpm/better-sqlite3@12.10.0/node_modules/better-sqlite3/addon-build/debug/install-root/better_sqlite3.node
 → /home/ubuntu/.openclaw/workspace/repo-scan/9router/node_modules/.pnpm/better-sqlite3@12.10.0/node_modules/better-sqlite3/addon-build/default/install-root/better_sqlite3.node
 → /home/ubuntu/.openclaw/workspace/repo-scan/9router/node_modules/.pnpm/better-sqlite3@12.10.0/node_modules/better-sqlite3/lib/binding/node-v127-linux-arm64/better_sqlite3.node
[DB] Driver: node:sqlite | file: /home/ubuntu/.openclaw/workspace/repo-scan/9router/cli/.smoke-home/.9router/db/data.sqlite
{"level":30,"time":"2026-06-05T10:58:32.216Z","service":"9router","tag":"TOKEN_REFRESH_WORKER","msg":"Started (tick=60000ms)"}
{"level":30,"time":"2026-06-05T10:58:32.216Z","service":"9router","scope":"bootstrap","msg":"initializeApp completed"}
